02-Oct-2026 22:32:52.488 INFO [main] org.apache.catalina.startup.VersionLoggerListener.log Server version name:   Apache Tomcat/10.1.59
02-Oct-2026 22:32:52.491 INFO [main] org.apache.catalina.startup.VersionLoggerListener.log Server built:          Aug 13 2026 16:59:10 UTC
02-Oct-2026 22:32:52.491 INFO [main] org.apache.catalina.startup.VersionLoggerListener.log Server version number: 10.1.59.0
02-Oct-2026 22:32:52.491 INFO [main] org.apache.catalina.startup.VersionLoggerListener.log OS Name:               Windows 11
02-Oct-2026 22:32:52.491 INFO [main] org.apache.catalina.startup.VersionLoggerListener.log OS Version:            10.0
02-Oct-2026 22:32:52.491 INFO [main] org.apache.catalina.startup.VersionLoggerListener.log Architecture:          amd64
02-Oct-2026 22:32:52.491 INFO [main] org.apache.catalina.startup.VersionLoggerListener.log Java Home:             C:\Users\Lenovo\.jdks\openjdk-26.0.2.1
02-Oct-2026 22:32:52.491 INFO [main] org.apache.catalina.startup.VersionLoggerListener.log JVM Version:           26.0.2.1+1-7
02-Oct-2026 22:32:52.492 INFO [main] org.apache.catalina.startup.VersionLoggerListener.log JVM Vendor:            Oracle Corporation
02-Oct-2026 22:32:52.492 INFO [main] org.apache.catalina.startup.VersionLoggerListener.log CATALINA_BASE:         D:\24110013_made\24110013_made
02-Oct-2026 22:32:52.492 INFO [main] org.apache.catalina.startup.VersionLoggerListener.log CATALINA_HOME:         C:\Users\Lenovo\Downloads\apache-tomcat-10.1.59
02-Oct-2026 22:32:52.499 INFO [main] org.apache.catalina.startup.VersionLoggerListener.log Command line argument: --add-opens=java.base/java.lang=ALL-UNNAMED
02-Oct-2026 22:32:52.499 INFO [main] org.apache.catalina.startup.VersionLoggerListener.log Command line argument: --add-opens=java.base/java.io=ALL-UNNAMED
02-Oct-2026 22:32:52.499 INFO [main] org.apache.catalina.startup.VersionLoggerListener.log Command line argument: --add-opens=java.base/java.util=ALL-UNNAMED
02-Oct-2026 22:32:52.499 INFO [main] org.apache.catalina.startup.VersionLoggerListener.log Command line argument: --add-opens=java.base/java.util.concurrent=ALL-UNNAMED
02-Oct-2026 22:32:52.500 INFO [main] org.apache.catalina.startup.VersionLoggerListener.log Command line argument: --add-opens=java.rmi/sun.rmi.transport=ALL-UNNAMED
02-Oct-2026 22:32:52.500 INFO [main] org.apache.catalina.startup.VersionLoggerListener.log Command line argument: -Dcatalina.home=C:\Users\Lenovo\Downloads\apache-tomcat-10.1.59
02-Oct-2026 22:32:52.500 INFO [main] org.apache.catalina.startup.VersionLoggerListener.log Command line argument: -Dcatalina.base=D:\24110013_made\24110013_made
02-Oct-2026 22:32:52.500 INFO [main] org.apache.catalina.startup.VersionLoggerListener.log Command line argument: -Djava.io.tmpdir=D:\24110013_made\24110013_made\temp
02-Oct-2026 22:32:52.500 INFO [main] org.apache.catalina.startup.VersionLoggerListener.log Command line argument: -Djava.util.logging.config.file=D:\24110013_made\24110013_made\conf\logging.properties
02-Oct-2026 22:32:52.500 INFO [main] org.apache.catalina.startup.VersionLoggerListener.log Command line argument: -Djava.util.logging.manager=org.apache.juli.ClassLoaderLogManager
02-Oct-2026 22:32:52.500 INFO [main] org.apache.catalina.startup.VersionLoggerListener.log Command line argument: -javaagent:C:\Program Files\JetBrains\IntelliJ IDEA 2026.2.1\lib\idea_rt.jar=49330
02-Oct-2026 22:32:52.500 INFO [main] org.apache.catalina.startup.VersionLoggerListener.log Command line argument: -Dfile.encoding=UTF-8
02-Oct-2026 22:32:52.500 INFO [main] org.apache.catalina.startup.VersionLoggerListener.log Command line argument: -Dsun.stdout.encoding=UTF-8
02-Oct-2026 22:32:52.500 INFO [main] org.apache.catalina.startup.VersionLoggerListener.log Command line argument: -Dsun.stderr.encoding=UTF-8
02-Oct-2026 22:32:52.533 INFO [main] org.apache.catalina.core.AprLifecycleListener.lifecycleEvent Loaded Apache Tomcat Native library [2.0.15] using APR version [1.7.6].
02-Oct-2026 22:32:52.552 INFO [main] org.apache.catalina.core.AprLifecycleListener.initializeSSL OpenSSL successfully initialized [OpenSSL 3.5.7 9 Jun 2026]
02-Oct-2026 22:32:52.911 INFO [main] org.apache.coyote.AbstractProtocol.init Initializing ProtocolHandler ["http-nio-8080"]
02-Oct-2026 22:32:52.933 INFO [main] org.apache.catalina.startup.Catalina.load Server initialization in [716] milliseconds
02-Oct-2026 22:32:52.980 INFO [main] org.apache.catalina.core.StandardService.startInternal Starting service [Catalina]
02-Oct-2026 22:32:52.981 INFO [main] org.apache.catalina.core.StandardEngine.startInternal Starting Servlet engine: [Apache Tomcat/10.1.59]
02-Oct-2026 22:32:52.992 INFO [main] org.apache.catalina.startup.HostConfig.deployDescriptor Deploying deployment descriptor [D:\24110013_made\24110013_made\conf\Catalina\localhost\WebVideo_24110013.xml]
02-Oct-2026 22:32:55.707 INFO [main] org.apache.jasper.servlet.TldScanner.scanJars At least one JAR was scanned for TLDs yet contained no TLDs. Enable debug logging for this logger for a complete list of JARs that were scanned but no TLDs were found in them. Skipping unneeded JARs during scanning can improve startup time and JSP compilation time.
02-Oct-2026 22:32:55.836 INFO [main] org.sitemesh.webapp.contentfilter.ContentBufferingFilter.init SiteMesh 3.2.2 initialized with filter name 'sitemesh'
02-Oct-2026 22:32:55.870 INFO [main] org.apache.catalina.startup.HostConfig.deployDescriptor Deployment of deployment descriptor [D:\24110013_made\24110013_made\conf\Catalina\localhost\WebVideo_24110013.xml] has finished in [2,876] ms
02-Oct-2026 22:32:55.877 INFO [main] org.apache.coyote.AbstractProtocol.start Starting ProtocolHandler ["http-nio-8080"]
02-Oct-2026 22:32:55.944 INFO [main] org.apache.catalina.startup.Catalina.start Server startup in [3008] milliseconds
02-Oct-2026 22:32:57.932 INFO [http-nio-8080-exec-2] org.hibernate.jpa.internal.util.LogHelper.logPersistenceUnitInformation HHH000204: Processing PersistenceUnitInfo [name: WebVideoDB_24110013]
02-Oct-2026 22:32:58.300 INFO [http-nio-8080-exec-2] org.hibernate.Version.logVersion HHH000412: Hibernate ORM core version 6.4.4.Final
02-Oct-2026 22:32:58.525 INFO [http-nio-8080-exec-2] org.hibernate.cache.internal.RegionFactoryInitiator.initiateService HHH000026: Second-level cache disabled
02-Oct-2026 22:32:59.438 WARN [http-nio-8080-exec-2] org.hibernate.engine.jdbc.connections.internal.DriverManagerConnectionProviderImpl.configure HHH10001002: Using built-in connection pool (not intended for production use)
02-Oct-2026 22:32:59.518 INFO [http-nio-8080-exec-2] org.hibernate.engine.jdbc.connections.internal.DriverManagerConnectionProviderImpl.buildCreator HHH10001005: Loaded JDBC driver class: com.microsoft.sqlserver.jdbc.SQLServerDriver
02-Oct-2026 22:32:59.519 INFO [http-nio-8080-exec-2] org.hibernate.engine.jdbc.connections.internal.DriverManagerConnectionProviderImpl.buildCreator HHH10001012: Connecting with JDBC URL [jdbc:sqlserver://localhost:1433;databaseName=WebVideoDB_24110013;encrypt=false;trustServerCertificate=true;]
02-Oct-2026 22:32:59.519 INFO [http-nio-8080-exec-2] org.hibernate.engine.jdbc.connections.internal.DriverManagerConnectionProviderImpl.buildCreator HHH10001001: Connection properties: {user=sa, password=****}
02-Oct-2026 22:32:59.520 INFO [http-nio-8080-exec-2] org.hibernate.engine.jdbc.connections.internal.DriverManagerConnectionProviderImpl.buildCreator HHH10001003: Autocommit mode: false
02-Oct-2026 22:32:59.532 INFO [http-nio-8080-exec-2] org.hibernate.engine.jdbc.connections.internal.DriverManagerConnectionProviderImpl$PooledConnections.<init> HHH10001115: Connection pool size: 20 (min=1)
02-Oct-2026 22:33:06.897 INFO [http-nio-8080-exec-2] org.hibernate.engine.transaction.jta.platform.internal.JtaPlatformInitiator.initiateService HHH000489: No JTA platform available (set 'hibernate.transaction.jta.platform' to enable JTA platform integration)
02-Oct-2026 22:38:26.223 INFO [Catalina-utility-2] org.apache.catalina.startup.HostConfig.undeploy Undeploying context [/WebVideo_24110013]
02-Oct-2026 22:38:26.237 WARNING [Catalina-utility-2] org.apache.catalina.loader.WebappClassLoaderBase.clearReferencesJdbc The web application [WebVideo_24110013] registered the JDBC driver [com.microsoft.sqlserver.jdbc.SQLServerDriver] but failed to unregister it when the web application was stopped. To prevent a memory leak, the JDBC Driver has been forcibly unregistered.
02-Oct-2026 22:38:26.238 WARNING [Catalina-utility-2] org.apache.catalina.loader.WebappClassLoaderBase.clearReferencesThreads The web application [WebVideo_24110013] appears to have started a thread named [Hibernate Connection Pool Validation Thread] but has failed to stop it. This is very likely to create a memory leak. Stack trace of thread:
 java.base/jdk.internal.misc.Unsafe.park(Native Method)
 java.base/java.util.concurrent.locks.LockSupport.parkNanos(LockSupport.java:271)
 java.base/java.util.concurrent.locks.AbstractQueuedSynchronizer$ConditionObject.awaitNanos(AbstractQueuedSynchronizer.java:1803)
 java.base/java.util.concurrent.ScheduledThreadPoolExecutor$DelayedWorkQueue.take(ScheduledThreadPoolExecutor.java:1166)
 java.base/java.util.concurrent.ScheduledThreadPoolExecutor$DelayedWorkQueue.take(ScheduledThreadPoolExecutor.java:883)
 java.base/java.util.concurrent.ThreadPoolExecutor.getTask(ThreadPoolExecutor.java:1016)
 java.base/java.util.concurrent.ThreadPoolExecutor.runWorker(ThreadPoolExecutor.java:1076)
 java.base/java.util.concurrent.ThreadPoolExecutor$Worker.run(ThreadPoolExecutor.java:614)
 java.base/java.lang.Thread.run(Thread.java:1516)
02-Oct-2026 22:38:26.243 SEVERE [Catalina-utility-2] org.apache.catalina.loader.WebappClassLoaderBase.checkThreadLocalMapForLeaks The web application [WebVideo_24110013] created a ThreadLocal with key of type [com.microsoft.sqlserver.jdbc.ActivityCorrelator$1] (value [com.microsoft.sqlserver.jdbc.ActivityCorrelator$1@37b7334]) and a value of type [com.microsoft.sqlserver.jdbc.ActivityId] (value [2cd9a6a5-3b24-414d-a2ea-d27547ff5cd5-1]) but failed to remove it when the web application was stopped. Threads are going to be renewed over time to try and avoid a probable memory leak.
02-Oct-2026 22:38:26.284 INFO [Catalina-utility-2] org.apache.catalina.startup.HostConfig.deployDescriptor Deploying deployment descriptor [D:\24110013_made\24110013_made\conf\Catalina\localhost\WebVideo_24110013.xml]
02-Oct-2026 22:38:29.590 INFO [Catalina-utility-2] org.apache.jasper.servlet.TldScanner.scanJars At least one JAR was scanned for TLDs yet contained no TLDs. Enable debug logging for this logger for a complete list of JARs that were scanned but no TLDs were found in them. Skipping unneeded JARs during scanning can improve startup time and JSP compilation time.
02-Oct-2026 22:38:29.675 INFO [Catalina-utility-2] org.sitemesh.webapp.contentfilter.ContentBufferingFilter.init SiteMesh 3.2.2 initialized with filter name 'sitemesh'
02-Oct-2026 22:38:29.680 INFO [Catalina-utility-2] org.apache.catalina.startup.HostConfig.deployDescriptor Deployment of deployment descriptor [D:\24110013_made\24110013_made\conf\Catalina\localhost\WebVideo_24110013.xml] has finished in [3,396] ms
02-Oct-2026 22:39:18.606 INFO [http-nio-8080-exec-2] org.hibernate.jpa.internal.util.LogHelper.logPersistenceUnitInformation HHH000204: Processing PersistenceUnitInfo [name: WebVideoDB_24110013]
02-Oct-2026 22:39:18.901 INFO [http-nio-8080-exec-2] org.hibernate.Version.logVersion HHH000412: Hibernate ORM core version 6.4.4.Final
02-Oct-2026 22:39:19.090 INFO [http-nio-8080-exec-2] org.hibernate.cache.internal.RegionFactoryInitiator.initiateService HHH000026: Second-level cache disabled
02-Oct-2026 22:39:19.818 WARN [http-nio-8080-exec-2] org.hibernate.engine.jdbc.connections.internal.DriverManagerConnectionProviderImpl.configure HHH10001002: Using built-in connection pool (not intended for production use)
02-Oct-2026 22:39:19.861 INFO [http-nio-8080-exec-2] org.hibernate.engine.jdbc.connections.internal.DriverManagerConnectionProviderImpl.buildCreator HHH10001005: Loaded JDBC driver class: com.microsoft.sqlserver.jdbc.SQLServerDriver
02-Oct-2026 22:39:19.861 INFO [http-nio-8080-exec-2] org.hibernate.engine.jdbc.connections.internal.DriverManagerConnectionProviderImpl.buildCreator HHH10001012: Connecting with JDBC URL [jdbc:sqlserver://localhost:1433;databaseName=WebVideoDB_24110013;encrypt=false;trustServerCertificate=true;]
02-Oct-2026 22:39:19.861 INFO [http-nio-8080-exec-2] org.hibernate.engine.jdbc.connections.internal.DriverManagerConnectionProviderImpl.buildCreator HHH10001001: Connection properties: {user=sa, password=****}
02-Oct-2026 22:39:19.862 INFO [http-nio-8080-exec-2] org.hibernate.engine.jdbc.connections.internal.DriverManagerConnectionProviderImpl.buildCreator HHH10001003: Autocommit mode: false
02-Oct-2026 22:39:19.873 INFO [http-nio-8080-exec-2] org.hibernate.engine.jdbc.connections.internal.DriverManagerConnectionProviderImpl$PooledConnections.<init> HHH10001115: Connection pool size: 20 (min=1)
02-Oct-2026 22:39:25.775 INFO [http-nio-8080-exec-2] org.hibernate.engine.transaction.jta.platform.internal.JtaPlatformInitiator.initiateService HHH000489: No JTA platform available (set 'hibernate.transaction.jta.platform' to enable JTA platform integration)
02-Oct-2026 22:40:44.506 INFO [Catalina-utility-2] org.apache.catalina.core.StandardContext.reload Reloading Context with name [/WebVideo_24110013] has started
02-Oct-2026 22:40:44.510 WARNING [Catalina-utility-2] org.apache.catalina.loader.WebappClassLoaderBase.clearReferencesJdbc The web application [WebVideo_24110013] registered the JDBC driver [com.microsoft.sqlserver.jdbc.SQLServerDriver] but failed to unregister it when the web application was stopped. To prevent a memory leak, the JDBC Driver has been forcibly unregistered.
02-Oct-2026 22:40:44.513 WARNING [Catalina-utility-2] org.apache.catalina.loader.WebappClassLoaderBase.clearReferencesThreads The web application [WebVideo_24110013] appears to have started a thread named [Hibernate Connection Pool Validation Thread] but has failed to stop it. This is very likely to create a memory leak. Stack trace of thread:
 java.base/jdk.internal.misc.Unsafe.park(Native Method)
 java.base/java.util.concurrent.locks.LockSupport.parkNanos(LockSupport.java:271)
 java.base/java.util.concurrent.locks.AbstractQueuedSynchronizer$ConditionObject.awaitNanos(AbstractQueuedSynchronizer.java:1803)
 java.base/java.util.concurrent.ScheduledThreadPoolExecutor$DelayedWorkQueue.take(ScheduledThreadPoolExecutor.java:1166)
 java.base/java.util.concurrent.ScheduledThreadPoolExecutor$DelayedWorkQueue.take(ScheduledThreadPoolExecutor.java:883)
 java.base/java.util.concurrent.ThreadPoolExecutor.getTask(ThreadPoolExecutor.java:1016)
 java.base/java.util.concurrent.ThreadPoolExecutor.runWorker(ThreadPoolExecutor.java:1076)
 java.base/java.util.concurrent.ThreadPoolExecutor$Worker.run(ThreadPoolExecutor.java:614)
 java.base/java.lang.Thread.run(Thread.java:1516)
02-Oct-2026 22:40:46.821 INFO [Catalina-utility-2] org.apache.jasper.servlet.TldScanner.scanJars At least one JAR was scanned for TLDs yet contained no TLDs. Enable debug logging for this logger for a complete list of JARs that were scanned but no TLDs were found in them. Skipping unneeded JARs during scanning can improve startup time and JSP compilation time.
02-Oct-2026 22:40:46.931 INFO [Catalina-utility-2] org.sitemesh.webapp.contentfilter.ContentBufferingFilter.init SiteMesh 3.2.2 initialized with filter name 'sitemesh'
02-Oct-2026 22:40:46.934 INFO [Catalina-utility-2] org.apache.catalina.core.StandardContext.reload Reloading Context with name [/WebVideo_24110013] is completed
02-Oct-2026 22:41:04.842 INFO [http-nio-8080-exec-12] org.hibernate.jpa.internal.util.LogHelper.logPersistenceUnitInformation HHH000204: Processing PersistenceUnitInfo [name: WebVideoDB_24110013]
02-Oct-2026 22:41:05.216 INFO [http-nio-8080-exec-12] org.hibernate.Version.logVersion HHH000412: Hibernate ORM core version 6.4.4.Final
02-Oct-2026 22:41:05.392 INFO [http-nio-8080-exec-12] org.hibernate.cache.internal.RegionFactoryInitiator.initiateService HHH000026: Second-level cache disabled
02-Oct-2026 22:41:06.585 WARN [http-nio-8080-exec-12] org.hibernate.engine.jdbc.connections.internal.DriverManagerConnectionProviderImpl.configure HHH10001002: Using built-in connection pool (not intended for production use)
02-Oct-2026 22:41:06.630 INFO [http-nio-8080-exec-12] org.hibernate.engine.jdbc.connections.internal.DriverManagerConnectionProviderImpl.buildCreator HHH10001005: Loaded JDBC driver class: com.microsoft.sqlserver.jdbc.SQLServerDriver
02-Oct-2026 22:41:06.630 INFO [http-nio-8080-exec-12] org.hibernate.engine.jdbc.connections.internal.DriverManagerConnectionProviderImpl.buildCreator HHH10001012: Connecting with JDBC URL [jdbc:sqlserver://localhost:1433;databaseName=WebVideoDB_24110013;encrypt=false;trustServerCertificate=true;]
02-Oct-2026 22:41:06.630 INFO [http-nio-8080-exec-12] org.hibernate.engine.jdbc.connections.internal.DriverManagerConnectionProviderImpl.buildCreator HHH10001001: Connection properties: {user=sa, password=****}
02-Oct-2026 22:41:06.631 INFO [http-nio-8080-exec-12] org.hibernate.engine.jdbc.connections.internal.DriverManagerConnectionProviderImpl.buildCreator HHH10001003: Autocommit mode: false
02-Oct-2026 22:41:06.640 INFO [http-nio-8080-exec-12] org.hibernate.engine.jdbc.connections.internal.DriverManagerConnectionProviderImpl$PooledConnections.<init> HHH10001115: Connection pool size: 20 (min=1)
02-Oct-2026 22:41:12.221 INFO [http-nio-8080-exec-12] org.hibernate.engine.transaction.jta.platform.internal.JtaPlatformInitiator.initiateService HHH000489: No JTA platform available (set 'hibernate.transaction.jta.platform' to enable JTA platform integration)
02-Oct-2026 22:51:47.680 INFO [Thread-1] org.apache.coyote.AbstractProtocol.pause Pausing ProtocolHandler ["http-nio-8080"]
02-Oct-2026 22:51:47.690 INFO [Thread-1] org.apache.catalina.core.StandardService.stopInternal Stopping service [Catalina]
02-Oct-2026 22:51:47.696 WARNING [Thread-1] org.apache.catalina.loader.WebappClassLoaderBase.clearReferencesJdbc The web application [WebVideo_24110013] registered the JDBC driver [com.microsoft.sqlserver.jdbc.SQLServerDriver] but failed to unregister it when the web application was stopped. To prevent a memory leak, the JDBC Driver has been forcibly unregistered.
02-Oct-2026 22:51:47.697 WARNING [Thread-1] org.apache.catalina.loader.WebappClassLoaderBase.clearReferencesThreads The web application [WebVideo_24110013] appears to have started a thread named [Hibernate Connection Pool Validation Thread] but has failed to stop it. This is very likely to create a memory leak. Stack trace of thread:
 java.base/jdk.internal.misc.Unsafe.park(Native Method)
 java.base/java.util.concurrent.locks.LockSupport.parkNanos(LockSupport.java:271)
 java.base/java.util.concurrent.locks.AbstractQueuedSynchronizer$ConditionObject.awaitNanos(AbstractQueuedSynchronizer.java:1803)
 java.base/java.util.concurrent.ScheduledThreadPoolExecutor$DelayedWorkQueue.take(ScheduledThreadPoolExecutor.java:1166)
 java.base/java.util.concurrent.ScheduledThreadPoolExecutor$DelayedWorkQueue.take(ScheduledThreadPoolExecutor.java:883)
 java.base/java.util.concurrent.ThreadPoolExecutor.getTask(ThreadPoolExecutor.java:1016)
 java.base/java.util.concurrent.ThreadPoolExecutor.runWorker(ThreadPoolExecutor.java:1076)
 java.base/java.util.concurrent.ThreadPoolExecutor$Worker.run(ThreadPoolExecutor.java:614)
 java.base/java.lang.Thread.run(Thread.java:1516)
02-Oct-2026 22:51:47.699 INFO [Thread-1] org.apache.coyote.AbstractProtocol.stop Stopping ProtocolHandler ["http-nio-8080"]
02-Oct-2026 22:51:47.705 INFO [Thread-1] org.apache.coyote.AbstractProtocol.destroy Destroying ProtocolHandler ["http-nio-8080"]
