01-Oct-2026 09:05:16.201 SEVERE [http-nio-8080-exec-1] org.apache.catalina.core.ApplicationDispatcher.invoke Servlet.service() for servlet [jsp] threw exception
	org.apache.jasper.JasperException: /WEB-INF/decorators/web.jsp (line: [170], column: [28]) [${not empty sessionScope.account &amp;&amp; sessionScope.account.admin}] contains invalid expression(s): [jakarta.el.ELException: Failed to parse the expression [${not empty sessionScope.account &amp;&amp; sessionScope.account.admin}]]
		at org.apache.jasper.compiler.DefaultErrorHandler.jspError(DefaultErrorHandler.java:29)
		at org.apache.jasper.compiler.ErrorDispatcher.dispatch(ErrorDispatcher.java:265)
		at org.apache.jasper.compiler.ErrorDispatcher.jspError(ErrorDispatcher.java:88)
		at org.apache.jasper.compiler.Validator$ValidateVisitor.getJspAttribute(Validator.java:1255)
		at org.apache.jasper.compiler.Validator$ValidateVisitor.checkXmlAttributes(Validator.java:1097)
		at org.apache.jasper.compiler.Validator$ValidateVisitor.visit(Validator.java:787)
		at org.apache.jasper.compiler.Node$CustomTag.accept(Node.java:1810)
		at org.apache.jasper.compiler.Node$Nodes.visit(Node.java:2865)
		at org.apache.jasper.compiler.Node$Visitor.visitBody(Node.java:2954)
		at org.apache.jasper.compiler.Validator$ValidateVisitor.visit(Validator.java:804)
		at org.apache.jasper.compiler.Node$CustomTag.accept(Node.java:1810)
		at org.apache.jasper.compiler.Node$Nodes.visit(Node.java:2865)
		at org.apache.jasper.compiler.Node$Visitor.visitBody(Node.java:2954)
		at org.apache.jasper.compiler.Node$Visitor.visit(Node.java:2966)
		at org.apache.jasper.compiler.Node$Root.accept(Node.java:551)
		at org.apache.jasper.compiler.Node$Nodes.visit(Node.java:2865)
		at org.apache.jasper.compiler.Validator.validateExDirectives(Validator.java:1642)
		at org.apache.jasper.compiler.Compiler.generateJava(Compiler.java:246)
		at org.apache.jasper.compiler.Compiler.compile(Compiler.java:402)
		at org.apache.jasper.compiler.Compiler.compile(Compiler.java:380)
		at org.apache.jasper.compiler.Compiler.compile(Compiler.java:366)
		at org.apache.jasper.JspCompilationContext.compile(JspCompilationContext.java:736)
		at org.apache.jasper.servlet.JspServletWrapper.service(JspServletWrapper.java:441)
		at org.apache.jasper.servlet.JspServlet.serviceJspFile(JspServlet.java:359)
		at org.apache.jasper.servlet.JspServlet.service(JspServlet.java:310)
		at jakarta.servlet.http.HttpServlet.service(HttpServlet.java:658)
		at org.apache.catalina.core.ApplicationFilterChain.internalDoFilter(ApplicationFilterChain.java:197)
		at org.apache.catalina.core.ApplicationFilterChain.doFilter(ApplicationFilterChain.java:142)
		at org.apache.tomcat.websocket.server.WsFilter.doFilter(WsFilter.java:57)
		at org.apache.catalina.core.ApplicationFilterChain.internalDoFilter(ApplicationFilterChain.java:166)
		at org.apache.catalina.core.ApplicationFilterChain.doFilter(ApplicationFilterChain.java:142)
		at org.apache.catalina.core.ApplicationDispatcher.invoke(ApplicationDispatcher.java:609)
		at org.apache.catalina.core.ApplicationDispatcher.processRequest(ApplicationDispatcher.java:394)
		at org.apache.catalina.core.ApplicationDispatcher.doForward(ApplicationDispatcher.java:323)
		at org.apache.catalina.core.ApplicationDispatcher.forward(ApplicationDispatcher.java:268)
		at org.sitemesh.webapp.WebAppContext.dispatch(WebAppContext.java:205)
		at org.sitemesh.webapp.WebAppContext.decorate(WebAppContext.java:176)
		at org.sitemesh.BaseSiteMeshContext.decorate(BaseSiteMeshContext.java:55)
		at org.sitemesh.webapp.SiteMeshFilter.postProcess(SiteMeshFilter.java:100)
		at org.sitemesh.webapp.contentfilter.ContentBufferingFilter.processInternally(ContentBufferingFilter.java:253)
		at org.sitemesh.webapp.contentfilter.ContentBufferingFilter.bufferAndPostProcess(ContentBufferingFilter.java:239)
		at org.sitemesh.webapp.contentfilter.ContentBufferingFilter.doFilter(ContentBufferingFilter.java:158)
		at org.sitemesh.webapp.SiteMeshFilter.doFilter(SiteMeshFilter.java:144)
		at org.sitemesh.config.ConfigurableSiteMeshFilter.doFilter(ConfigurableSiteMeshFilter.java:181)
		at org.apache.catalina.core.ApplicationFilterChain.internalDoFilter(ApplicationFilterChain.java:166)
		at org.apache.catalina.core.ApplicationFilterChain.doFilter(ApplicationFilterChain.java:142)
		at org.apache.catalina.filters.SetCharacterEncodingFilter.doFilter(SetCharacterEncodingFilter.java:141)
		at org.apache.catalina.core.ApplicationFilterChain.internalDoFilter(ApplicationFilterChain.java:166)
		at org.apache.catalina.core.ApplicationFilterChain.doFilter(ApplicationFilterChain.java:142)
		at org.apache.catalina.core.StandardWrapperValve.invoke(StandardWrapperValve.java:165)
		at org.apache.catalina.core.StandardContextValve.invoke(StandardContextValve.java:88)
		at org.apache.catalina.authenticator.AuthenticatorBase.invoke(AuthenticatorBase.java:535)
		at org.apache.catalina.core.StandardHostValve.invoke(StandardHostValve.java:115)
		at org.apache.catalina.valves.ErrorReportValve.invoke(ErrorReportValve.java:86)
		at org.apache.catalina.valves.AbstractAccessLogValve.invoke(AbstractAccessLogValve.java:782)
		at org.apache.catalina.core.StandardEngineValve.invoke(StandardEngineValve.java:71)
		at org.apache.catalina.connector.CoyoteAdapter.service(CoyoteAdapter.java:348)
		at org.apache.coyote.http11.Http11Processor.service(Http11Processor.java:410)
		at org.apache.coyote.AbstractProcessorLight.process(AbstractProcessorLight.java:71)
		at org.apache.coyote.AbstractProtocol$ConnectionHandler.process(AbstractProtocol.java:1307)
		at org.apache.tomcat.util.net.NioEndpoint$SocketProcessor.doRun(NioEndpoint.java:2197)
		at org.apache.tomcat.util.net.SocketProcessorBase.run(SocketProcessorBase.java:74)
		at org.apache.tomcat.util.threads.ThreadPoolExecutor.runWorker(ThreadPoolExecutor.java:976)
		at org.apache.tomcat.util.threads.ThreadPoolExecutor$Worker.run(ThreadPoolExecutor.java:494)
		at org.apache.tomcat.util.threads.TaskThread$WrappingRunnable.run(TaskThread.java:80)
		at java.base/java.lang.Thread.run(Thread.java:1516)
01-Oct-2026 09:05:16.201 SEVERE [http-nio-8080-exec-1] org.apache.catalina.core.StandardWrapperValve.invoke Servlet.service() for servlet [vn.iotstar.controller.HomeController_24110013] in context with path [/WebVideo_24110013] threw exception
	java.io.IOException: Could not dispatch to decorator
		at org.sitemesh.webapp.WebAppContext.decorate(WebAppContext.java:187)
		at org.sitemesh.BaseSiteMeshContext.decorate(BaseSiteMeshContext.java:55)
		at org.sitemesh.webapp.SiteMeshFilter.postProcess(SiteMeshFilter.java:100)
		at org.sitemesh.webapp.contentfilter.ContentBufferingFilter.processInternally(ContentBufferingFilter.java:253)
		at org.sitemesh.webapp.contentfilter.ContentBufferingFilter.bufferAndPostProcess(ContentBufferingFilter.java:239)
		at org.sitemesh.webapp.contentfilter.ContentBufferingFilter.doFilter(ContentBufferingFilter.java:158)
		at org.sitemesh.webapp.SiteMeshFilter.doFilter(SiteMeshFilter.java:144)
		at org.sitemesh.config.ConfigurableSiteMeshFilter.doFilter(ConfigurableSiteMeshFilter.java:181)
		at org.apache.catalina.core.ApplicationFilterChain.internalDoFilter(ApplicationFilterChain.java:166)
		at org.apache.catalina.core.ApplicationFilterChain.doFilter(ApplicationFilterChain.java:142)
		at org.apache.catalina.filters.SetCharacterEncodingFilter.doFilter(SetCharacterEncodingFilter.java:141)
		at org.apache.catalina.core.ApplicationFilterChain.internalDoFilter(ApplicationFilterChain.java:166)
		at org.apache.catalina.core.ApplicationFilterChain.doFilter(ApplicationFilterChain.java:142)
		at org.apache.catalina.core.StandardWrapperValve.invoke(StandardWrapperValve.java:165)
		at org.apache.catalina.core.StandardContextValve.invoke(StandardContextValve.java:88)
		at org.apache.catalina.authenticator.AuthenticatorBase.invoke(AuthenticatorBase.java:535)
		at org.apache.catalina.core.StandardHostValve.invoke(StandardHostValve.java:115)
		at org.apache.catalina.valves.ErrorReportValve.invoke(ErrorReportValve.java:86)
		at org.apache.catalina.valves.AbstractAccessLogValve.invoke(AbstractAccessLogValve.java:782)
		at org.apache.catalina.core.StandardEngineValve.invoke(StandardEngineValve.java:71)
		at org.apache.catalina.connector.CoyoteAdapter.service(CoyoteAdapter.java:348)
		at org.apache.coyote.http11.Http11Processor.service(Http11Processor.java:410)
		at org.apache.coyote.AbstractProcessorLight.process(AbstractProcessorLight.java:71)
		at org.apache.coyote.AbstractProtocol$ConnectionHandler.process(AbstractProtocol.java:1307)
		at org.apache.tomcat.util.net.NioEndpoint$SocketProcessor.doRun(NioEndpoint.java:2197)
		at org.apache.tomcat.util.net.SocketProcessorBase.run(SocketProcessorBase.java:74)
		at org.apache.tomcat.util.threads.ThreadPoolExecutor.runWorker(ThreadPoolExecutor.java:976)
		at org.apache.tomcat.util.threads.ThreadPoolExecutor$Worker.run(ThreadPoolExecutor.java:494)
		at org.apache.tomcat.util.threads.TaskThread$WrappingRunnable.run(TaskThread.java:80)
		at java.base/java.lang.Thread.run(Thread.java:1516)
	Caused by: org.apache.jasper.JasperException: org.apache.jasper.JasperException: /WEB-INF/decorators/web.jsp (line: [170], column: [28]) [${not empty sessionScope.account &amp;&amp; sessionScope.account.admin}] contains invalid expression(s): [jakarta.el.ELException: Failed to parse the expression [${not empty sessionScope.account &amp;&amp; sessionScope.account.admin}]]
		at org.apache.jasper.servlet.JspServletWrapper.handleJspException(JspServletWrapper.java:632)
		at org.apache.jasper.servlet.JspServletWrapper.service(JspServletWrapper.java:467)
		at org.apache.jasper.servlet.JspServlet.serviceJspFile(JspServlet.java:359)
		at org.apache.jasper.servlet.JspServlet.service(JspServlet.java:310)
		at jakarta.servlet.http.HttpServlet.service(HttpServlet.java:658)
		at org.apache.catalina.core.ApplicationFilterChain.internalDoFilter(ApplicationFilterChain.java:197)
		at org.apache.catalina.core.ApplicationFilterChain.doFilter(ApplicationFilterChain.java:142)
		at org.apache.tomcat.websocket.server.WsFilter.doFilter(WsFilter.java:57)
		at org.apache.catalina.core.ApplicationFilterChain.internalDoFilter(ApplicationFilterChain.java:166)
		at org.apache.catalina.core.ApplicationFilterChain.doFilter(ApplicationFilterChain.java:142)
		at org.apache.catalina.core.ApplicationDispatcher.invoke(ApplicationDispatcher.java:609)
		at org.apache.catalina.core.ApplicationDispatcher.processRequest(ApplicationDispatcher.java:394)
		at org.apache.catalina.core.ApplicationDispatcher.doForward(ApplicationDispatcher.java:323)
		at org.apache.catalina.core.ApplicationDispatcher.forward(ApplicationDispatcher.java:268)
		at org.sitemesh.webapp.WebAppContext.dispatch(WebAppContext.java:205)
		at org.sitemesh.webapp.WebAppContext.decorate(WebAppContext.java:176)
		... 29 more
	Caused by: org.apache.jasper.JasperException: /WEB-INF/decorators/web.jsp (line: [170], column: [28]) [${not empty sessionScope.account &amp;&amp; sessionScope.account.admin}] contains invalid expression(s): [jakarta.el.ELException: Failed to parse the expression [${not empty sessionScope.account &amp;&amp; sessionScope.account.admin}]]
		at org.apache.jasper.compiler.DefaultErrorHandler.jspError(DefaultErrorHandler.java:29)
		at org.apache.jasper.compiler.ErrorDispatcher.dispatch(ErrorDispatcher.java:265)
		at org.apache.jasper.compiler.ErrorDispatcher.jspError(ErrorDispatcher.java:88)
		at org.apache.jasper.compiler.Validator$ValidateVisitor.getJspAttribute(Validator.java:1255)
		at org.apache.jasper.compiler.Validator$ValidateVisitor.checkXmlAttributes(Validator.java:1097)
		at org.apache.jasper.compiler.Validator$ValidateVisitor.visit(Validator.java:787)
		at org.apache.jasper.compiler.Node$CustomTag.accept(Node.java:1810)
		at org.apache.jasper.compiler.Node$Nodes.visit(Node.java:2865)
		at org.apache.jasper.compiler.Node$Visitor.visitBody(Node.java:2954)
		at org.apache.jasper.compiler.Validator$ValidateVisitor.visit(Validator.java:804)
		at org.apache.jasper.compiler.Node$CustomTag.accept(Node.java:1810)
		at org.apache.jasper.compiler.Node$Nodes.visit(Node.java:2865)
		at org.apache.jasper.compiler.Node$Visitor.visitBody(Node.java:2954)
		at org.apache.jasper.compiler.Node$Visitor.visit(Node.java:2966)
		at org.apache.jasper.compiler.Node$Root.accept(Node.java:551)
		at org.apache.jasper.compiler.Node$Nodes.visit(Node.java:2865)
		at org.apache.jasper.compiler.Validator.validateExDirectives(Validator.java:1642)
		at org.apache.jasper.compiler.Compiler.generateJava(Compiler.java:246)
		at org.apache.jasper.compiler.Compiler.compile(Compiler.java:402)
		at org.apache.jasper.compiler.Compiler.compile(Compiler.java:380)
		at org.apache.jasper.compiler.Compiler.compile(Compiler.java:366)
		at org.apache.jasper.JspCompilationContext.compile(JspCompilationContext.java:736)
		at org.apache.jasper.servlet.JspServletWrapper.service(JspServletWrapper.java:441)
		... 43 more
